[thomaswellingtontm.wixsite.com/wells-fargo-online.html]
[static.parastorage.com/unpkg/core-js-bundle@3.2.1/minified.js]
[static.parastorage.com/unpkg/focus-within-polyfill@5.0.9/dist/focus-within-polyfill.js]
[backblue.gif]
[fade.gif]
[index.html]
[polyfill.io/v3/polyfill.mind82c.js]
[browser.sentry-cdn.com/6.19.1/bundle.tracing.min.js]
[thomaswellingtontm.wixsite.com/decodeURIComponent(e]
[thomaswellingtontm.wixsite.com/sitemap.xml]
[thomaswellingtontm.wixsite.com/feed.xml]
[static.parastorage.com/services/wix-thunderbolt/dist/bootstrap-features.c4628a80.bundle.min.js]
[static.parastorage.com/services/wix-thunderbolt/dist/main.731e5ec1.bundle.min.js]
[static.parastorage.com/unpkg/lodash@4.17.21/lodash.min.js]
[static.parastorage.com/unpkg/react@16.13.1/umd/react.production.min.js]
[static.parastorage.com/services/tag-manager-client/1.427.0/siteTags.bundle.min.js]
[static.parastorage.com/services/wix-perf-measure/1.806.0/wix-perf-measure.bundle.min.js]
[static.parastorage.com/unpkg/react-dom@16.13.1/umd/react-dom.production.min.js]
[thomaswellingtontm.wixsite.com/eec152dc.min.css]
[thomaswellingtontm.wixsite.com/index.html]
[thomaswellingtontm.wixsite.com/da6c52cb.min.css]
[thomaswellingtontm.wixsite.com/b604fd33.min.css]
[thomaswellingtontm.wixsite.com/9455f099.min.css]
[thomaswellingtontm.wixsite.com/version/index.html]
[thomaswellingtontm.wixsite.com/33aee7c8.min.13.delayed]
[thomaswellingtontm.wixsite.com/b3e8ff7e.min.css]
[thomaswellingtontm.wixsite.com/9b7ffe32.min.css]
[thomaswellingtontm.wixsite.com/b8f52e79.chunk.min.js]
[thomaswellingtontm.wixsite.com/rb_wixui.thunderbolt_bootstrap-classic.1889ce31.chunk.min.js]
[thomaswellingtontm.wixsite.com/rb_wixui.thunderbolt_bootstrap-responsive.f3ca696f.chunk.min.css]
[thomaswellingtontm.wixsite.com/rb_wixui.thunderbolt_bootstrap-responsive.5113f2f6.chunk.min.js]
[thomaswellingtontm.wixsite.com/rb_wixui.thunderbolt_common-site-members-dialogs.7602a3f3.chunk.min.css]
[thomaswellingtontm.wixsite.com/rb_wixui.thunderbolt_common-site-members-dialogs.a5523b60.chunk.min.js]
[thomaswellingtontm.wixsite.com/rb_wixui.thunderbolt_bootstrap.8bf33f67.chunk.min.css]
[thomaswellingtontm.wixsite.com/rb_wixui.thunderbolt_bootstrap.b8f52e79.chunk.min.js]
[static.wixstatic.com/media/c8af56_ef5c5d4b37864a859b0807816cf65c8d_mv2.jpg/v1/fill/w_194,h_119,al_c,q_80,usm_0.66_1.00_0.01,blur_2,enc_auto/_edited.jpg]
[thomaswellingtontm.wixsite.com/wells-fargo-online.html]
[thomaswellingtontm.wixsite.com/decodeURIComponent(e.html]
[thomaswellingtontm.wixsite.com/sitemap.html]
[thomaswellingtontm.wixsite.com/feed.html]
[thomaswellingtontm.wixsite.com/index.html]
[thomaswellingtontm.wixsite.com/version/index.html]
[thomaswellingtontm.wixsite.com/eec152dc.min.html]
[thomaswellingtontm.wixsite.com/da6c52cb.min.html]
[thomaswellingtontm.wixsite.com/b604fd33.min.html]
[thomaswellingtontm.wixsite.com/9455f099.min.html]
[thomaswellingtontm.wixsite.com/33aee7c8.min.html]
[thomaswellingtontm.wixsite.com/b3e8ff7e.min.html]
[thomaswellingtontm.wixsite.com/9b7ffe32.min.html]
[thomaswellingtontm.wixsite.com/b8f52e79.chunk.min.html]
[thomaswellingtontm.wixsite.com/rb_wixui.thunderbolt_bootstrap-classic.1889ce31.chunk.min.html]
[thomaswellingtontm.wixsite.com/rb_wixui.thunderbolt_bootstrap-responsive.f3ca696f.chunk.min.html]
[thomaswellingtontm.wixsite.com/rb_wixui.thunderbolt_bootstrap-responsive.5113f2f6.chunk.min.html]
[thomaswellingtontm.wixsite.com/rb_wixui.thunderbolt_common-site-members-dialogs.7602a3f3.chunk.min.html]
[thomaswellingtontm.wixsite.com/rb_wixui.thunderbolt_common-site-members-dialogs.a5523b60.chunk.min.html]
[thomaswellingtontm.wixsite.com/rb_wixui.thunderbolt_bootstrap.8bf33f67.chunk.min.html]
[thomaswellingtontm.wixsite.com/rb_wixui.thunderbolt_bootstrap.b8f52e79.chunk.min.html]
